jp.mot
jp1.mod
jp2.mod
jptob/rsd/jp1.tex
jptob/rsd/jp2.tex
hr.mot
hr1.mod
hr2.mod
hrtobi/rsd/hr1.tex
hrtobi/rsd/hr2.tex
np.mot
np1.mod
np2.mod
npctb/rsd/np1.tex
npctb/rsd/np2.tex
st.mot
st1.mod
st2.mod
stntb/rsd/st1.tex
stntb/rsd/st2.tex
at.mot
at1.mod
at2.mod
attobi/rsd/at1.tex
attobi/rsd/at2.tex
co.mot
co1.mod
co2.mod
06tob/rsd/co1.tex
06tob/rsd/co2.tex
bl.mot
bl1.mod
bl2.mod
bltobi/rsd/bl1.tex
bltobi/rsd/bl2.tex
zo.mot
zo1.mod
zo2.mod
zotob/rsd/zo1.tex
zotob/rsd/zo2.tex
ya.mot
ya1.mod
ya2.mod
09/rsd/ya1.tex
09/rsd/ya2.tex
ma.mot
ma1.mod
ma2.mod
10tob/rsd/ma1.tex
10tob/rsd/ma2.tex
az.mot
az1.mod
az2.mod
11tob/rsd/az1.tex
11tob/rsd/az2.tex
af.mot
af1.mod
af2.mod
aftob/rsd/af1.tex
aftob/rsd/af2.tex
go.mot
go1.mod
go2.mod
gotobi/rsd/go1.tex
gotobi/rsd/go2.tex
sn.mot
sn1.mod
sn2.mod
sntobi/rsd/sn1.tex
sntobi/rsd/sn2.tex
hk.mot
hk1.mod
hk2.mod
15/rsd/hk1.tex
15/rsd/hk2.tex
nt.mot
nt1.mod
nt2.mod
nkttobi/rsd/nt1.tex
nkttobi/rsd/nt2.tex
pt.mot
pt1.mod
pt2.mod
17tob/rsd/pt1.tex
17tob/rsd/pt2.tex
pn.mot
pn1.mod
pn2.mod
18tob/rsd/pn1.tex
18tob/rsd/pn2.tex
p2.mot
p21.mod
p22.mod
19tob/rsd/p21.tex
19tob/rsd/p22.tex
mo.mot
mo1.mod
mo2.mod
20tob/rsd/mo1.tex
20tob/rsd/mo2.tex
ho.mot
ho1.mod
ho2.mod
ootob/rsd/ho1.tex
ootob/rsd/ho2.tex
ym.mot
ym1.mod
ym2.mod
22tob/rsd/ym1.tex
22tob/rsd/ym2.tex
ar.mot
ar1.mod
ar2.mod
artob/rsd/ar1.tex
artob/rsd/ar2.tex
tn.mot
tn1.mod
tn2.mod
24tob/rsd/tn1.tex
24tob/rsd/tn2.tex
ot.mot
ot1.mod
ot2.mod
25tob/rsd/ot1.tex
25tob/rsd/ot2.tex
hm.mot
hm1.mod
hm2.mod
hmtobi/rsd/hm1.tex
hmtobi/rsd/hm2.tex
os.mot
os1.mod
os2.mod
ostobi/rsd/os1.tex
ostobi/rsd/os2.tex
em.mot
em1.mod
em2.mod
28tob/rsd/em1.tex
28tob/rsd/em2.tex
my.mot
my1.mod
my2.mod
mymtb/rsd/my1.tex
mymtb/rsd/my2.tex
ao.mot
ao1.mod
ao2.mod
30tob/rsd/ao1.tex
30tob/rsd/ao2.tex
ak.mot
ak1.mod
ak2.mod
31tob/rsd/ak1.tex
31tob/rsd/ak2.tex
th.mot
th1.mod
th2.mod
32tob/rsd/th1.tex
32tob/rsd/th2.tex
o2.mot
o21.mod
o22.mod
33tob/rsd/o21.tex
33tob/rsd/o22.tex
fa.mot
fa1.mod
fa2.mod
34tob/rsd/fa1.tex
34tob/rsd/fa2.tex
aa.mot
aa1.mod
aa2.mod
35/rsd/aa1.tex
35/rsd/aa2.tex
kn.mot
kn1.mod
kn2.mod
36tob/rsd/kn1.tex
36tob/rsd/kn2.tex
dh.mot
dh1.mod
dh2.mod
37tob/rsd/dh1.tex
37tob/rsd/dh2.tex
ht.mot
ht1.mod
ht2.mod
38/rsd/ht1.tex
38/rsd/ht2.tex
ok.mot
ok1.mod
ok2.mod
oktos/rsd/ok1.tex
oktos/rsd/ok2.tex
on.mot
on1.mod
on2.mod
40tob/rsd/on1.tex
40tob/rsd/on2.tex
gr.mot
gr1.mod
gr2.mod
41tob/rsd/gr1.tex
41tob/rsd/gr2.tex
kk.mot
kk1.mod
kk2.mod
42tob/rsd/kk1.tex
42tob/rsd/kk2.tex
nj.mot
nj1.mod
nj2.mod
njtob/rsd/nj1.tex
njtob/rsd/nj2.tex
tk.mot
tk1.mod
tk2.mod
44/rsd/tk1.tex
44/rsd/tk2.tex
kr.mot
kr1.mod
kr2.mod
kurotobi/rsd/kr1.tex
kurotobi/rsd/kr2.tex
nk.mot
nk1.mod
nk2.mod
nktob/rsd/nk1.tex
nktob/rsd/nk2.tex
km.mot
km1.mod
km2.mod
47tob/rsd/km1.tex
47tob/rsd/km2.tex
k2.mot
k21.mod
k22.mod
48tob/rsd/k21.tex
48tob/rsd/k22.tex
be.mot
be1.mod
be2.mod
49/rsd/be1.tex
49/rsd/be2.tex
be.mot
be1.mod
be2.mod
49/rsd/be1.tex
49/rsd/be2.tex
sk.mot
sk1.mod
sk2.mod
51tob/rsd/sk1.tex
51tob/rsd/sk2.tex
sp.mot
sp1.mod
sp2.mod
boss/rsd/sp1.tex
boss/rsd/sp2.tex
tc.mot
tc1.mod
tc2.mod
53/rsd/tc1.tex
53/rsd/tc2.tex
sp.mot
sp1.mod
sp2.mod
boss/rsd/sp1.tex
boss/rsd/sp2.tex
jp.mot
mk1.mod
mk2.mod
01robtob/rsd/mk1.tex
01robtob/rsd/mk2.tex
hr.mot
me1.mod
me2.mod
02boktob/rsd/me1.tex
02boktob/rsd/me2.tex
nk.mot
nk1.mod
nk2.mod
46poke/rsd/pc1.tex
46poke/rsd/pc2.tex
jp.mot
ck1.mod
ck2.mod
58tob/rsd/ck1.tex
58tob/rsd/ck2.tex
ok.mot
so1.mod
so2.mod
59tob/rsd/so1.tex
59tob/rsd/so2.tex
