jp.mot
jp1.mod
jp2.mod
jptob/rsd/jp1.tex
jptob/rsd/jp2.tex
hr.mot
hr1.mod
hr2.mod
hrtobi/rsd/hr1.tex
hrtobi/rsd/hr2.tex
np.mot
np1.mod
np2.mod
npctb/rsd/np1.tex
npctb/rsd/np2.tex
st.mot
st1.mod
st2.mod
stntb/rsd/st1.tex
stntb/rsd/st2.tex
at.mot
at1.mod
at2.mod
attobi/rsd/at1.tex
attobi/rsd/at2.tex
co.mot
co1.mod
co2.mod
06tob/rsd/co1.tex
06tob/rsd/co2.tex
bl.mot
bl1.mod
bl2.mod
bltobi/rsd/bl1.tex
bltobi/rsd/bl2.tex
zo.mot
zo1.mod
zo2.mod
zotob/rsd/zo1.tex
zotob/rsd/zo2.tex
dummy.bin
dummy.bin
dummy.bin
dummy.bin
dummy.bin
dummy.bin
dummy.bin
dummy.bin
dummy.bin
dummy.bin
dummy.bin
dummy.bin
dummy.bin
dummy.bin
dummy.bin
dummy.bin
dummy.bin
dummy.bin
dummy.bin
dummy.bin
dummy.bin
dummy.bin
dummy.bin
dummy.bin
dummy.bin
dummy.bin
dummy.bin
dummy.bin
dummy.bin
dummy.bin
dummy.bin
dummy.bin
dummy.bin
dummy.bin
dummy.bin
dummy.bin
dummy.bin
dummy.bin
dummy.bin
dummy.bin
dummy.bin
dummy.bin
dummy.bin
dummy.bin
dummy.bin
dummy.bin
dummy.bin
dummy.bin
dummy.bin
dummy.bin
dummy.bin
dummy.bin
dummy.bin
dummy.bin
dummy.bin
dummy.bin
dummy.bin
dummy.bin
dummy.bin
dummy.bin
dummy.bin
dummy.bin
dummy.bin
dummy.bin
dummy.bin
dummy.bin
dummy.bin
dummy.bin
dummy.bin
dummy.bin
dummy.bin
dummy.bin
dummy.bin
dummy.bin
dummy.bin
dummy.bin
dummy.bin
dummy.bin
dummy.bin
dummy.bin
dummy.bin
dummy.bin
dummy.bin
dummy.bin
dummy.bin
dummy.bin
dummy.bin
dummy.bin
dummy.bin
dummy.bin
dummy.bin
dummy.bin
dummy.bin
dummy.bin
dummy.bin
dummy.bin
dummy.bin
dummy.bin
dummy.bin
dummy.bin
dummy.bin
dummy.bin
dummy.bin
dummy.bin
dummy.bin
dummy.bin
dummy.bin
dummy.bin
dummy.bin
dummy.bin
dummy.bin
dummy.bin
dummy.bin
dummy.bin
dummy.bin
dummy.bin
dummy.bin
dummy.bin
dummy.bin
dummy.bin
dummy.bin
dummy.bin
dummy.bin
dummy.bin
dummy.bin
dummy.bin
dummy.bin
dummy.bin
dummy.bin
dummy.bin
dummy.bin
dummy.bin
dummy.bin
dummy.bin
dummy.bin
dummy.bin
dummy.bin
dummy.bin
dummy.bin
dummy.bin
dummy.bin
dummy.bin
dummy.bin
dummy.bin
dummy.bin
dummy.bin
dummy.bin
dummy.bin
dummy.bin
dummy.bin
dummy.bin
dummy.bin
dummy.bin
dummy.bin
dummy.bin
dummy.bin
dummy.bin
dummy.bin
dummy.bin
dummy.bin
dummy.bin
dummy.bin
dummy.bin
dummy.bin
dummy.bin
dummy.bin
dummy.bin
dummy.bin
dummy.bin
dummy.bin
nj.mot
nj1.mod
nj2.mod
njtob/rsd/nj1.tex
njtob/rsd/nj2.tex
tk.mot
tk1.mod
tk2.mod
44/rsd/tk1.tex
44/rsd/tk2.tex
kr.mot
kr1.mod
kr2.mod
kurotobi/rsd/kr1.tex
kurotobi/rsd/kr2.tex
nk.mot
nk1.mod
nk2.mod
nktob/rsd/nk1.tex
nktob/rsd/nk2.tex
km.mot
km1.mod
km2.mod
47tob/rsd/km1.tex
47tob/rsd/km2.tex
k2.mot
k21.mod
k22.mod
48/rsd/k21.tex
48/rsd/k22.tex
be.mot
be1.mod
be2.mod
49/rsd/be1.tex
49/rsd/be2.tex
be.mot
be1.mod
be2.mod
49/rsd/be1.tex
49/rsd/be2.tex
sk.mot
sk1.mod
sk2.mod
51/rsd/sk1.tex
51/rsd/sk2.tex
sp.mot
sp1.mod
sp2.mod
boss/rsd/sp1.tex
boss/rsd/sp2.tex
tc.mot
tc1.mod
tc2.mod
53/rsd/tc1.tex
53/rsd/tc2.tex
sp.mot
sp1.mod
sp2.mod
boss/rsd/sp1.tex
boss/rsd/sp2.tex
mk.mot
mk1.mod
mk2.mod
01roboa/rsd/mk1.tex
01roboa/rsd/mk2.tex
